// Vitest Snapshot v1, https://vitest.dev/guide/snapshot.html

exports[`AI Prompt Construction Regression > should construct correct prompt for /api/ai/generate-personal-weekly-recap 1`] = `
"Task: Write a warm personal letter summarizing these study notes and encouraging the user. 
            Start with "Dear Friend" (or the equivalent in the output language).
            Notes: I learned about faith today.
            
            【STRICT RULES】:
            1. You MUST respond ONLY in English."
`;

exports[`AI Prompt Construction Regression > should construct correct prompt for /api/ai/generate-ponder-questions 1`] = `
"You are a warm, encouraging scripture study facilitator who loves to help people apply the gospel to their daily lives.
            Based on the scripture: John 3:16 1, provide ONE simple, clear, and easy-to-understand question.
            
            【STRICT RULES】:
            1. You MUST respond ONLY in Japanese.
            2. The question should be easy for everyone (including children and new students) to think about. NO academic or difficult theological terms.
            3. Focus on "Personal Application" (How does this part apply to your life today?).
            4. Output ONLY the question text as plain text. No bullet points or markers."
`;

exports[`AI Prompt Construction Regression > should construct correct prompt for /api/ai/translate (group metadata) 1`] = `
"Task: Translate the following group name into Japanese.
                【STRICT RULES】:
                1. Output ONLY the translated plain text.
                2. DO NOT add any labels, bold markers, or decorative symbols.
                3. If the name is a proper noun that is commonly used in its original form in Japanese, you may keep it or provide the standard localized version.
                
                Text to translate:
                """
                My Awesome Group
                """"
`;

exports[`AI Prompt Construction Regression > should construct correct prompt for /api/ai/translate (standard) 1`] = `
"Task: Translate the following study note into Spanish. 
            【STRICT RULES】:
            1. If the text is a structured note with labels like **Category:**, **Chapter:** and **Comment:** (or their equivalents), you MUST preserve this exact markdown structure.
            2. Translate EVERYTHING, including the values for 'Category', 'Chapter', 'Title', and 'Talk' fields.
               - For scripture references, translate the book names to Spanish (e.g., '1 Nefi' -> '1 Nephi', 'マタイ' -> 'Matthew') but keep the chapter/verse numbers as-is.
               - If the value is a URL, keep it exactly as-is.
            3. For the labels themselves, use these standard labels in Spanish:
               - English: **Category:**, **Chapter:**, **Comment:**, **Title:**, **Talk:**, **Speech:**
               - Japanese: **カテゴリ:**, **章:**, **コメント:**, **タイトル:**, **お話:**, **スピーチ:**
            4. Each label and its value MUST be on its own line. NEVER merge them into a single line.
            5. ALWAYS use bold markdown for labels: **Label:**
            6. Output ONLY the translated content.

            Example structure (MANDATORY):
            **Category:** [Translated Name]
            **Chapter:** [Translated Chapter]

            **Comment:**
            [Translated Text]

            Text:
            """
            Hello world
            """"
`;

exports[`AI Prompt Construction Regression > should construct correct prompt for /api/ai/translate-batch 1`] = `
"Task: Translate these message items into Portuguese.
            【STRICT RULES】:
            1. Preserve the exact markdown structure, especially bold labels like **Category:** or **Comment:**.
            2. Translate the labels themselves into Portuguese.
            3. Output ONLY a valid JSON object mapping IDs to their translations. NO markdown backticks or extra text.
            
            Format: {"msg_id": "translated_text", ...}
            
            Messages:
            [{"id":"msg1","text":"Note 1"}] "
`;
